\BOOKMARK [0][-]{chapter*.4}{\376\377\000L\001\063\000s\000t\000\040\000v\000a\000n\000\040\000f\000i\000g\000u\000r\000e\000n}{}% 1
\BOOKMARK [0][-]{chapter*.5}{\376\377\000L\001\063\000s\000t\000\040\000v\000a\000n\000\040\000t\000a\000b\000e\000l\000l\000e\000n}{}% 2
\BOOKMARK [0][-]{section*.6}{\376\377\000L\000i\000j\000s\000t\000\040\000v\000a\000n\000\040\000c\000o\000d\000e\000f\000r\000a\000g\000m\000e\000n\000t\000e\000n\000\040}{}% 3
\BOOKMARK [0][-]{chapter.1}{\376\377\000I\000n\000l\000e\000i\000d\000i\000n\000g}{}% 4
\BOOKMARK [1][-]{section.1.1}{\376\377\000P\000r\000o\000b\000l\000e\000e\000m\000s\000t\000e\000l\000l\000i\000n\000g}{chapter.1}% 5
\BOOKMARK [1][-]{section.1.2}{\376\377\000O\000n\000d\000e\000r\000z\000o\000e\000k\000s\000v\000r\000a\000a\000g}{chapter.1}% 6
\BOOKMARK [1][-]{section.1.3}{\376\377\000O\000n\000d\000e\000r\000z\000o\000e\000k\000s\000d\000o\000e\000l\000s\000t\000e\000l\000l\000i\000n\000g}{chapter.1}% 7
\BOOKMARK [1][-]{section.1.4}{\376\377\000O\000p\000z\000e\000t\000\040\000v\000a\000n\000\040\000d\000e\000z\000e\000\040\000b\000a\000c\000h\000e\000l\000o\000r\000p\000r\000o\000e\000f}{chapter.1}% 8
\BOOKMARK [0][-]{chapter.2}{\376\377\000S\000t\000a\000n\000d\000\040\000v\000a\000n\000\040\000z\000a\000k\000e\000n}{}% 9
\BOOKMARK [1][-]{section.2.1}{\376\377\000H\000e\000t\000\040\000b\000e\000g\000r\000i\000p\000\040\000m\000a\000i\000n\000f\000r\000a\000m\000e}{chapter.2}% 10
\BOOKMARK [2][-]{subsection.2.1.1}{\376\377\000D\000e\000f\000i\000n\000i\000t\000i\000e\000\040\000v\000a\000n\000\040\000e\000e\000n\000\040\000m\000a\000i\000n\000f\000r\000a\000m\000e}{section.2.1}% 11
\BOOKMARK [1][-]{section.2.2}{\376\377\000B\000e\000l\000a\000n\000g\000r\000i\000j\000k\000s\000t\000e\000\040\000k\000e\000n\000m\000e\000r\000k\000e\000n\000\040\000v\000a\000n\000\040\000e\000e\000n\000\040\000m\000a\000i\000n\000f\000r\000a\000m\000e}{chapter.2}% 12
\BOOKMARK [2][-]{subsection.2.2.1}{\376\377\000V\000e\000i\000l\000i\000g\000h\000e\000i\000d}{section.2.2}% 13
\BOOKMARK [2][-]{subsection.2.2.2}{\376\377\000V\000i\000r\000t\000u\000a\000l\000i\000s\000a\000t\000i\000e}{section.2.2}% 14
\BOOKMARK [2][-]{subsection.2.2.3}{\376\377\000B\000e\000s\000c\000h\000i\000k\000b\000a\000a\000r\000h\000e\000i\000d\000\040\000e\000n\000\040\000b\000e\000t\000r\000o\000u\000w\000b\000a\000a\000r\000h\000e\000i\000d}{section.2.2}% 15
\BOOKMARK [2][-]{subsection.2.2.4}{\376\377\000M\000a\000i\000n\000f\000r\000a\000m\000e\000\040\000m\000o\000d\000e\000r\000n\000i\000s\000a\000t\000i\000e}{section.2.2}% 16
\BOOKMARK [1][-]{section.2.3}{\376\377\000M\000a\000i\000n\000f\000r\000a\000m\000e\000-\000o\000n\000t\000w\000i\000k\000k\000e\000l\000i\000n\000g\000\040\000i\000n\000\040\000e\000e\000n\000\040\000h\000e\000d\000e\000n\000d\000a\000a\000g\000s\000e\000\040\000c\000o\000n\000t\000e\000x\000t}{chapter.2}% 17
\BOOKMARK [1][-]{section.2.4}{\376\377\000S\000k\000i\000l\000l\000s\000\040\000g\000a\000p\000\040\000e\000n\000\040\000v\000e\000r\000g\000r\000i\000j\000z\000i\000n\000g\000\040\000a\000l\000s\000\040\000s\000t\000r\000u\000c\000t\000u\000r\000e\000e\000l\000\040\000p\000r\000o\000b\000l\000e\000e\000m}{chapter.2}% 18
\BOOKMARK [1][-]{section.2.5}{\376\377\000I\000n\000i\000t\000i\000a\000t\000i\000e\000v\000e\000n\000\040\000o\000m\000\040\000i\000n\000s\000t\000r\000o\000o\000m\000\040\000v\000a\000n\000\040\000n\000i\000e\000u\000w\000\040\000t\000a\000l\000e\000n\000t\000\040\000t\000e\000\040\000v\000e\000r\000g\000r\000o\000t\000e\000n}{chapter.2}% 19
\BOOKMARK [1][-]{section.2.6}{\376\377\000O\000n\000b\000o\000a\000r\000d\000i\000n\000g\000\040\000v\000a\000n\000\040\000n\000i\000e\000u\000w\000e\000\040\000o\000n\000t\000w\000i\000k\000k\000e\000l\000a\000a\000r\000s\000\040\000i\000n\000\040\000l\000e\000g\000a\000c\000y\000\040\000o\000m\000g\000e\000v\000i\000n\000g\000e\000n\000\040}{chapter.2}% 20
\BOOKMARK [1][-]{section.2.7}{\376\377\000C\000o\000m\000p\000e\000t\000e\000n\000t\000i\000e\000f\000r\000a\000m\000e\000w\000o\000r\000k\000s\000\040\000a\000l\000s\000\040\000f\000u\000n\000d\000a\000m\000e\000n\000t\000\040\000v\000o\000o\000r\000\040\000o\000p\000l\000e\000i\000d\000i\000n\000g\000s\000o\000p\000b\000o\000u\000w}{chapter.2}% 21
\BOOKMARK [1][-]{section.2.8}{\376\377\000P\000L\000/\000I\000\040\000e\000n\000\040\000C\000I\000C\000S\000\040\000b\000i\000n\000n\000e\000n\000\040\000z\000/\000O\000S\000-\000o\000n\000t\000w\000i\000k\000k\000e\000l\000i\000n\000g}{chapter.2}% 22
\BOOKMARK [2][-]{subsection.2.8.1}{\376\377\000P\000L\000/\000I\000\040\000a\000l\000s\000\040\000o\000n\000t\000w\000i\000k\000k\000e\000l\000t\000a\000a\000l\000\040\000o\000p\000\040\000h\000e\000t\000\040\000m\000a\000i\000n\000f\000r\000a\000m\000e}{section.2.8}% 23
\BOOKMARK [2][-]{subsection.2.8.2}{\376\377\000C\000I\000C\000S\000\040\000a\000l\000s\000\040\000t\000r\000a\000n\000s\000a\000c\000t\000i\000e\000v\000e\000r\000w\000e\000r\000k\000e\000r}{section.2.8}% 24
\BOOKMARK [2][-]{subsection.2.8.3}{\376\377\000P\000L\000/\000I\000\040\000e\000n\000\040\000C\000I\000C\000S\000\040\000a\000l\000s\000\040\000c\000o\000m\000p\000l\000e\000m\000e\000n\000t\000a\000i\000r\000\040\000g\000e\000h\000e\000e\000l}{section.2.8}% 25
\BOOKMARK [1][-]{section.2.9}{\376\377\000N\000o\000o\000d\000\040\000a\000a\000n\000\040\000e\000e\000n\000\040\000P\000L\000/\000I\000\040\000e\000n\000\040\000C\000I\000C\000S\000-\000g\000e\000r\000i\000c\000h\000t\000\040\000f\000r\000a\000m\000e\000w\000o\000r\000k}{chapter.2}% 26
\BOOKMARK [0][-]{chapter.3}{\376\377\000M\000e\000t\000h\000o\000d\000o\000l\000o\000g\000i\000e}{}% 27
\BOOKMARK [1][-]{section.3.1}{\376\377\000O\000p\000b\000o\000u\000w\000\040\000v\000a\000n\000\040\000d\000e\000\040\000m\000e\000t\000h\000o\000d\000o\000l\000o\000g\000i\000e}{chapter.3}% 28
\BOOKMARK [1][-]{section.3.2}{\376\377\000F\000a\000s\000e\000\040\0001\000:\000\040\000A\000n\000a\000l\000y\000s\000e\000\040\000v\000a\000n\000\040\000c\000o\000m\000p\000e\000t\000e\000n\000t\000i\000e\000s\000\040\000e\000n\000\040\000r\000e\000q\000u\000i\000r\000e\000m\000e\000n\000t\000s}{chapter.3}% 29
\BOOKMARK [1][-]{section.3.3}{\376\377\000F\000a\000s\000e\000\040\0002\000:\000\040\000O\000p\000s\000t\000e\000l\000l\000e\000n\000\040\000v\000a\000n\000\040\000h\000e\000t\000\040\000c\000o\000m\000p\000e\000t\000e\000n\000t\000i\000e\000f\000r\000a\000m\000e\000w\000o\000r\000k}{chapter.3}% 30
\BOOKMARK [2][-]{subsection.3.3.1}{\376\377\000O\000p\000s\000t\000e\000l\000l\000e\000n\000\040\000i\000n\000i\000t\000i\000e\000e\000l\000\040\000c\000o\000m\000p\000e\000t\000e\000n\000t\000i\000e\000f\000r\000a\000m\000e\000w\000o\000r\000k}{section.3.3}% 31
\BOOKMARK [2][-]{subsection.3.3.2}{\376\377\000I\000n\000t\000e\000r\000v\000i\000e\000w\000s\000\040\000m\000e\000t\000\040\000p\000r\000o\000f\000e\000s\000s\000i\000o\000n\000a\000l\000s\000\040\000u\000i\000t\000\040\000h\000e\000t\000\040\000w\000e\000r\000k\000v\000e\000l\000d}{section.3.3}% 32
\BOOKMARK [1][-]{section.3.4}{\376\377\000F\000a\000s\000e\000\040\0003\000:\000\040\000O\000n\000t\000w\000i\000k\000k\000e\000l\000e\000n\000\040\000v\000a\000n\000\040\000d\000e\000\040\000p\000r\000o\000o\000f\000-\000o\000f\000-\000c\000o\000n\000c\000e\000p\000t}{chapter.3}% 33
\BOOKMARK [1][-]{section.3.5}{\376\377\000F\000a\000s\000e\000\040\0004\000:\000\040\000V\000a\000l\000i\000d\000e\000r\000e\000n\000\040\000v\000a\000n\000\040\000h\000e\000t\000\040\000c\000o\000m\000p\000e\000t\000e\000n\000t\000i\000e\000f\000r\000a\000m\000e\000w\000o\000r\000k\000\040\000e\000n\000\040\000d\000e\000\040\000P\000o\000C}{chapter.3}% 34
\BOOKMARK [0][-]{chapter.4}{\376\377\000I\000n\000t\000e\000r\000v\000i\000e\000w\000s}{}% 35
\BOOKMARK [1][-]{section.4.1}{\376\377\000S\000t\000r\000u\000c\000t\000u\000u\000r\000\040\000e\000n\000\040\000o\000p\000b\000o\000u\000w\000\040\000v\000a\000n\000\040\000d\000e\000\040\000i\000n\000t\000e\000r\000v\000i\000e\000w\000s}{chapter.4}% 36
\BOOKMARK [1][-]{section.4.2}{\376\377\000A\000n\000t\000w\000o\000o\000r\000d\000e\000n\000\040\000v\000a\000n\000\040\000p\000r\000o\000f\000e\000s\000s\000i\000o\000n\000a\000l\000s}{chapter.4}% 37
\BOOKMARK [1][-]{section.4.3}{\376\377\000C\000o\000n\000c\000l\000u\000s\000i\000e\000\040\000v\000a\000n\000\040\000d\000e\000\040\000i\000n\000t\000e\000r\000v\000i\000e\000w\000s}{chapter.4}% 38
\BOOKMARK [0][-]{chapter.5}{\376\377\000F\000r\000a\000m\000e\000w\000o\000r\000k\000\040\000e\000n\000\040\000P\000o\000C}{}% 39
\BOOKMARK [1][-]{section.5.1}{\376\377\000S\000t\000r\000u\000c\000t\000u\000u\000r\000\040\000e\000n\000\040\000o\000p\000b\000o\000u\000w\000\040\000v\000a\000n\000\040\000h\000e\000t\000\040\000f\000r\000a\000m\000e\000w\000o\000r\000k}{chapter.5}% 40
\BOOKMARK [1][-]{section.5.2}{\376\377\000C\000r\000i\000t\000e\000r\000i\000a\000\040\000v\000o\000o\000r\000\040\000h\000e\000t\000\040\000b\000e\000p\000a\000l\000e\000n\000\040\000v\000a\000n\000\040\000d\000e\000\040\000c\000o\000m\000p\000e\000t\000e\000n\000t\000i\000e\000s}{chapter.5}% 41
\BOOKMARK [2][-]{subsection.5.2.1}{\376\377\000B\000a\000s\000i\000s\000k\000e\000n\000n\000i\000s\000\040\000m\000a\000i\000n\000f\000r\000a\000m\000e}{section.5.2}% 42
\BOOKMARK [2][-]{subsection.5.2.2}{\376\377\000B\000a\000s\000i\000s\000\040\000p\000r\000o\000g\000r\000a\000m\000m\000e\000e\000r\000k\000e\000n\000n\000i\000s}{section.5.2}% 43
\BOOKMARK [2][-]{subsection.5.2.3}{\376\377\000P\000r\000a\000k\000t\000i\000j\000k\000\040\000g\000e\000r\000i\000c\000h\000t}{section.5.2}% 44
\BOOKMARK [2][-]{subsection.5.2.4}{\376\377\000D\000e\000\040\000l\000i\000n\000k\000\040\000m\000e\000t\000\040\000C\000I\000C\000S}{section.5.2}% 45
\BOOKMARK [2][-]{subsection.5.2.5}{\376\377\000H\000e\000d\000e\000n\000d\000a\000a\000g\000s\000e\000\040\000I\000T\000\040\000l\000a\000n\000d\000s\000c\000h\000a\000p}{section.5.2}% 46
\BOOKMARK [1][-]{section.5.3}{\376\377\000N\000o\000d\000i\000g\000e\000\040\000C\000o\000m\000p\000e\000t\000e\000n\000t\000i\000e\000s}{chapter.5}% 47
\BOOKMARK [1][-]{section.5.4}{\376\377\000V\000o\000l\000g\000e\000n\000d\000e\000\040\000n\000i\000v\000e\000a\000u\000\040\000C\000o\000m\000p\000e\000t\000e\000n\000t\000i\000e\000s}{chapter.5}% 48
\BOOKMARK [2][-]{subsection.5.4.1}{\376\377\000G\000e\000a\000v\000a\000n\000c\000e\000e\000r\000d\000e\000\040\000P\000L\0001}{section.5.4}% 49
\BOOKMARK [2][-]{subsection.5.4.2}{\376\377\000C\000I\000C\000S\000\040\000v\000e\000r\000d\000i\000e\000p\000i\000n\000g}{section.5.4}% 50
\BOOKMARK [2][-]{subsection.5.4.3}{\376\377\000G\000e\000a\000v\000a\000n\000c\000e\000e\000r\000d\000e\000\040\000t\000o\000o\000l\000i\000n\000g\000\040\000e\000n\000\040\000d\000i\000a\000g\000n\000o\000s\000t\000i\000e\000k}{section.5.4}% 51
\BOOKMARK [2][-]{subsection.5.4.4}{\376\377\000P\000e\000r\000f\000o\000r\000m\000a\000n\000t\000i\000e\000\040\000o\000p\000t\000i\000m\000a\000l\000i\000s\000a\000t\000i\000e\000\040\000e\000n\000\040\000e\000f\000f\000i\000c\000i\000\353\000n\000t\000i\000e}{section.5.4}% 52
\BOOKMARK [2][-]{subsection.5.4.5}{\376\377\000S\000e\000c\000u\000r\000i\000t\000y\000\040\000a\000r\000c\000h\000i\000t\000e\000c\000t\000u\000u\000r}{section.5.4}% 53
\BOOKMARK [2][-]{subsection.5.4.6}{\376\377\000M\000o\000d\000e\000r\000n\000i\000s\000e\000r\000i\000n\000g}{section.5.4}% 54
\BOOKMARK [1][-]{section.5.5}{\376\377\000V\000a\000n\000\040\000f\000r\000a\000m\000e\000w\000o\000r\000k\000\040\000n\000a\000a\000r\000\040\000P\000r\000o\000o\000f\000\040\000o\000f\000\040\000C\000o\000n\000c\000e\000p\000t}{chapter.5}% 55
\BOOKMARK [1][-]{section.5.6}{\376\377\000S\000t\000r\000u\000c\000t\000u\000u\000r\000\040\000e\000n\000\040\000o\000p\000b\000o\000u\000w\000\040\000v\000a\000n\000\040\000d\000e\000\040\000P\000o\000C\000\040\000l\000e\000e\000r\000s\000i\000t\000e}{chapter.5}% 56
\BOOKMARK [1][-]{section.5.7}{\376\377\000B\000e\000p\000a\000l\000e\000n\000\040\000v\000a\000n\000\040\000t\000e\000c\000h\000n\000o\000l\000o\000g\000i\000e\000\353\000n}{chapter.5}% 57
\BOOKMARK [2][-]{subsection.5.7.1}{\376\377\000S\000e\000l\000e\000c\000t\000i\000e\000c\000r\000i\000t\000e\000r\000i\000a}{section.5.7}% 58
\BOOKMARK [2][-]{subsection.5.7.2}{\376\377\000G\000e\000k\000o\000z\000e\000n\000\040\000b\000a\000s\000i\000s\000\040\000v\000a\000n\000\040\000w\000e\000b\000t\000e\000c\000h\000n\000o\000l\000o\000g\000i\000e\000\353\000n}{section.5.7}% 59
\BOOKMARK [2][-]{subsection.5.7.3}{\376\377\000R\000e\000a\000c\000t\000\040\000a\000l\000s\000\040\000U\000I\000\040\000l\000a\000a\000g}{section.5.7}% 60
\BOOKMARK [2][-]{subsection.5.7.4}{\376\377\000V\000i\000t\000e\000\040\000a\000l\000s\000\040\000b\000u\000i\000l\000d\000\040\000e\000n\000\040\000o\000n\000t\000w\000i\000k\000k\000e\000l\000t\000o\000o\000l}{section.5.7}% 61
\BOOKMARK [2][-]{subsection.5.7.5}{\376\377\000T\000a\000i\000l\000w\000i\000n\000d\000\040\000C\000S\000S\000\040\000v\000o\000o\000r\000\040\000c\000o\000n\000s\000i\000s\000t\000e\000n\000t\000e\000\040\000e\000n\000\040\000s\000c\000h\000a\000a\000l\000b\000a\000r\000e\000\040\000s\000t\000y\000l\000i\000n\000g}{section.5.7}% 62
\BOOKMARK [2][-]{subsection.5.7.6}{\376\377\000C\000o\000n\000t\000e\000n\000t\000\040\000a\000l\000s\000\040\000J\000S\000O\000N\000\040\000e\000e\000n\000v\000o\000u\000d\000i\000g\000\040\000u\000i\000t\000b\000r\000e\000i\000d\000e\000n\000\040\000m\000e\000t\000\040\000n\000i\000e\000u\000w\000e\000\040\000c\000u\000r\000s\000u\000s\000s\000e\000n}{section.5.7}% 63
\BOOKMARK [2][-]{subsection.5.7.7}{\376\377\000M\000a\000r\000k\000d\000o\000w\000n\000\040\000e\000n\000\040\000v\000e\000i\000l\000i\000g\000e\000\040\000H\000T\000M\000L\000\040\000r\000e\000n\000d\000e\000r\000i\000n\000g}{section.5.7}% 64
\BOOKMARK [2][-]{subsection.5.7.8}{\376\377\000L\000o\000k\000a\000l\000e\000\040\000m\000e\000d\000i\000a\000\040\000z\000o\000n\000d\000e\000r\000\040\000e\000x\000t\000r\000a\000\040\000b\000a\000c\000k\000e\000n\000d}{section.5.7}% 65
\BOOKMARK [2][-]{subsection.5.7.9}{\376\377\000W\000a\000a\000r\000o\000m\000\040\000g\000e\000e\000n\000\040\000b\000a\000c\000k\000e\000n\000d\000\040\000o\000f\000\040\000d\000a\000t\000a\000b\000a\000s\000e\000?}{section.5.7}% 66
\BOOKMARK [2][-]{subsection.5.7.10}{\376\377\000C\000o\000n\000c\000l\000u\000s\000i\000e\000\040\000t\000e\000c\000h\000n\000o\000l\000o\000g\000i\000e\000\353\000n}{section.5.7}% 67
\BOOKMARK [1][-]{section.5.8}{\376\377\000V\000e\000r\000s\000c\000h\000i\000l\000l\000e\000n\000d\000e\000\040\000m\000o\000d\000u\000l\000e\000s\000\040\000i\000n\000\040\000d\000e\000\040\000l\000e\000e\000r\000s\000i\000t\000e}{chapter.5}% 68
\BOOKMARK [2][-]{subsection.5.8.1}{\376\377\000s\000h\000o\000r\000t}{section.5.8}% 69
\BOOKMARK [2][-]{subsection.5.8.2}{\376\377\000s\000h\000o\000r\000t}{section.5.8}% 70
\BOOKMARK [2][-]{subsection.5.8.3}{\376\377\000s\000h\000o\000r\000t}{section.5.8}% 71
\BOOKMARK [2][-]{subsection.5.8.4}{\376\377\000s\000h\000o\000r\000t}{section.5.8}% 72
\BOOKMARK [2][-]{subsection.5.8.5}{\376\377\000s\000h\000o\000r\000t}{section.5.8}% 73
\BOOKMARK [2][-]{subsection.5.8.6}{\376\377\000s\000h\000o\000r\000t}{section.5.8}% 74
\BOOKMARK [1][-]{section.5.9}{\376\377\000B\000e\000p\000a\000l\000e\000n\000\040\000o\000p\000b\000o\000u\000w\000\040\000v\000a\000n\000\040\000d\000e\000\040\000m\000o\000d\000u\000l\000e\000s}{chapter.5}% 75
\BOOKMARK [2][-]{subsection.5.9.1}{\376\377\000s\000h\000o\000r\000t}{section.5.9}% 76
\BOOKMARK [2][-]{subsection.5.9.2}{\376\377\000s\000h\000o\000r\000t}{section.5.9}% 77
\BOOKMARK [2][-]{subsection.5.9.3}{\376\377\000s\000h\000o\000r\000t}{section.5.9}% 78
\BOOKMARK [0][-]{chapter.6}{\376\377\000C\000o\000n\000c\000l\000u\000s\000i\000e}{}% 79
\BOOKMARK [1][-]{section.6.1}{\376\377\000A\000n\000t\000w\000o\000o\000r\000d\000\040\000o\000p\000\040\000d\000e\000\040\000o\000n\000d\000e\000r\000z\000o\000e\000k\000s\000v\000r\000a\000a\000g}{chapter.6}% 80
\BOOKMARK [1][-]{section.6.2}{\376\377\000B\000i\000j\000d\000r\000a\000g\000e\000\040\000a\000a\000n\000\040\000h\000e\000t\000\040\000o\000n\000d\000e\000r\000z\000o\000e\000k\000s\000d\000o\000m\000e\000i\000n}{chapter.6}% 81
\BOOKMARK [1][-]{section.6.3}{\376\377\000K\000r\000i\000t\000i\000s\000c\000h\000e\000\040\000r\000e\000f\000l\000e\000c\000t\000i\000e}{chapter.6}% 82
\BOOKMARK [2][-]{subsection.6.3.1}{\376\377\000B\000e\000p\000e\000r\000k\000i\000n\000g\000e\000n\000\040\000v\000a\000n\000\040\000h\000e\000t\000\040\000o\000n\000d\000e\000r\000z\000o\000e\000k}{section.6.3}% 83
\BOOKMARK [2][-]{subsection.6.3.2}{\376\377\000V\000e\000r\000w\000a\000c\000h\000t\000e\000\040\000r\000e\000s\000u\000l\000t\000a\000t\000e\000n\000\040\000v\000a\000n\000\040\000h\000e\000t\000\040\000o\000n\000d\000e\000r\000z\000o\000e\000k}{section.6.3}% 84
\BOOKMARK [1][-]{section.6.4}{\376\377\000A\000a\000n\000b\000e\000v\000e\000l\000i\000n\000g\000e\000n\000\040\000v\000o\000o\000r\000\040\000v\000e\000r\000d\000e\000r\000\040\000o\000n\000d\000e\000r\000z\000o\000e\000k}{chapter.6}% 85
\BOOKMARK [0][-]{appendix.A}{\376\377\000O\000n\000d\000e\000r\000z\000o\000e\000k\000s\000v\000o\000o\000r\000s\000t\000e\000l}{}% 86
\BOOKMARK [1][-]{section.A.1}{\376\377\000I\000n\000l\000e\000i\000d\000i\000n\000g}{appendix.A}% 87
\BOOKMARK [2][-]{subsection.A.1.1}{\376\377\000P\000r\000o\000b\000l\000e\000e\000m\000s\000t\000e\000l\000l\000i\000n\000g\000\040\000e\000n\000\040\000o\000n\000d\000e\000r\000z\000o\000e\000k\000s\000v\000r\000a\000g\000e\000n}{section.A.1}% 88
\BOOKMARK [2][-]{subsection.A.1.2}{\376\377\000D\000o\000e\000l\000g\000r\000o\000e\000p}{section.A.1}% 89
\BOOKMARK [2][-]{subsection.A.1.3}{\376\377\000D\000o\000e\000l\000s\000t\000e\000l\000l\000i\000n\000g}{section.A.1}% 90
\BOOKMARK [1][-]{section.A.2}{\376\377\000L\000i\000t\000e\000r\000a\000t\000u\000u\000r\000s\000t\000u\000d\000i\000e}{appendix.A}% 91
\BOOKMARK [1][-]{section.A.3}{\376\377\000M\000e\000t\000h\000o\000d\000o\000l\000o\000g\000i\000e}{appendix.A}% 92
\BOOKMARK [2][-]{subsection.A.3.1}{\376\377\000L\000i\000t\000e\000r\000a\000t\000u\000u\000r\000s\000t\000u\000d\000i\000e\000\040\000e\000n\000\040\000i\000n\000t\000e\000r\000v\000i\000e\000w\000s}{section.A.3}% 93
\BOOKMARK [2][-]{subsection.A.3.2}{\376\377\000O\000p\000s\000t\000e\000l\000l\000e\000n\000\040\000f\000r\000a\000m\000e\000w\000o\000r\000k\000\040\000e\000n\000\040\000P\000o\000C}{section.A.3}% 94
\BOOKMARK [2][-]{subsection.A.3.3}{\376\377\000R\000a\000p\000p\000o\000r\000t\000e\000r\000e\000n\000\040\000p\000a\000p\000e\000r}{section.A.3}% 95
\BOOKMARK [1][-]{section.A.4}{\376\377\000V\000e\000r\000w\000a\000c\000h\000t\000\040\000r\000e\000s\000u\000l\000t\000a\000a\000t\000,\000\040\000c\000o\000n\000c\000l\000u\000s\000i\000e}{appendix.A}% 96
\BOOKMARK [0][-]{appendix*.13}{\376\377\000B\000i\000b\000l\000i\000o\000g\000r\000a\000f\000i\000e}{}% 97
